[seilias.gr/go-lab/html5/languages/torricelli_en_ALL.xml]
[seilias.gr/go-lab/html5/languages/torricelli_el_ALL.xml]
[backblue.gif]
[fade.gif]
[index.html]
[seilias.gr/go-lab/html5/files/jquery/external/jquery/jquery.js]
[seilias.gr/go-lab/html5/files/jquery/jquery-ui.js]
[seilias.gr/go-lab/html5/files/jquery/jquery.ui.touch-punch.min.js]
[seilias.gr/go-lab/html5/files/createjs/createjs-2015.11.26.min.js]
[seilias.gr/go-lab/html5/files/scripts/cT.min.js]
[seilias.gr/go-lab/html5/myScript.js]
[seilias.gr/go-lab/html5/files/scripts/ui.js]
[seilias.gr/go-lab/html5/files/scripts/infos.js]
[seilias.gr/go-lab/html5/torricelli/buttons.js]
[seilias.gr/go-lab/html5/torricelli/dragAndDrop.js]
[seilias.gr/go-lab/html5/torricelli/functions.js]
[seilias.gr/go-lab/html5/torricelli/shapes.js]
[seilias.gr/go-lab/html5/torricelli/app.js]
[utwente.graasp.eu/external/js/translations-jquery-1.0.js]
[seilias.gr/go-lab/html5/torricelli.plain.html]
[seilias.gr/go-lab/html5/files/jquery/images/ui-icons_444444_256x240.png]
[seilias.gr/go-lab/html5/files/jquery/images/ui-icons_555555_256x240.png]
[seilias.gr/go-lab/html5/files/jquery/images/ui-icons_ffffff_256x240.png]
[seilias.gr/go-lab/html5/files/jquery/images/ui-icons_777620_256x240.png]
[seilias.gr/go-lab/html5/files/jquery/images/ui-icons_cc0000_256x240.png]
[seilias.gr/go-lab/html5/files/jquery/images/ui-icons_777777_256x240.png]
[seilias.gr/go-lab/html5/files/jquery/jquery-ui.css]
[seilias.gr/go-lab/html5/files/jquery/jquery-ui-1.12.icon-font.min.css]
[seilias.gr/go-lab/html5/files/css/main.css]
[seilias.gr/go-lab/html5/files/css/buttons.css]
